[INFO] Scanning for projects...
[INFO] ------------------------------------------------------------------------
[INFO] Reactor Build Order:
[INFO] 
[INFO] silentium
[INFO] silentium-commons
[INFO] silentium-authserver
[INFO] silentium-gameserver
[INFO] silentium-scripts
[INFO] silentium-datapack
[INFO] silentium-distribution
[INFO]                                                                         
[INFO] ------------------------------------------------------------------------
[INFO] Building silentium 2.0
[INFO] ------------------------------------------------------------------------
[INFO] 
[INFO] --- maven-clean-plugin:2.5:clean (auto-clean) @ silentium ---
[INFO] 
[INFO] --- maven-install-plugin:2.3.1:install (default-install) @ silentium ---
[INFO] Installing E:\Work\Source\Int\pom.xml to C:\Users\Demon\.m2\repository\silentium\silentium\2.0\silentium-2.0.pom
[INFO]                                                                         
[INFO] ------------------------------------------------------------------------
[INFO] Building silentium-commons 2.0
[INFO] ------------------------------------------------------------------------
[INFO] 
[INFO] --- maven-clean-plugin:2.5:clean (auto-clean) @ silentium-commons ---
[INFO] Deleting E:\Work\Source\Int\silentium-commons\target
[INFO] 
[INFO] --- maven-resources-plugin:2.5:resources (default-resources) @ silentium-commons ---
[debug] execute contextualize
[WARNING] Using platform encoding (Cp1251 actually) to copy filtered resources, i.e. build is platform dependent!
[INFO] skip non existing resourceDirectory E:\Work\Source\Int\silentium-commons\src\main\resources
[INFO] 
[INFO] --- maven-compiler-plugin:2.5.1:compile (default-compile) @ silentium-commons ---
[WARNING] File encoding has not been set, using platform encoding Cp1251, i.e. build is platform dependent!
[INFO] Compiling 34 source files to E:\Work\Source\Int\silentium-commons\target\classes
[INFO] 
[INFO] --- maven-resources-plugin:2.5:testResources (default-testResources) @ silentium-commons ---
[debug] execute contextualize
[WARNING] Using platform encoding (Cp1251 actually) to copy filtered resources, i.e. build is platform dependent!
[INFO] skip non existing resourceDirectory E:\Work\Source\Int\silentium-commons\src\test\resources
[INFO] 
[INFO] --- maven-compiler-plugin:2.5.1:testCompile (default-testCompile) @ silentium-commons ---
[INFO] No sources to compile
[INFO] 
[INFO] --- maven-surefire-plugin:2.12:test (default-test) @ silentium-commons ---
[INFO] Tests are skipped.
[INFO] 
[INFO] --- maven-jar-plugin:2.4:jar (default-jar) @ silentium-commons ---
[INFO] Building jar: E:\Work\Source\Int\silentium-commons\target\silentium-commons-2.0.jar
[INFO] 
[INFO] --- maven-source-plugin:2.1.2:jar-no-fork (default) @ silentium-commons ---
[INFO] Building jar: E:\Work\Source\Int\silentium-commons\target\silentium-commons-2.0-sources.jar
[INFO] 
[INFO] --- maven-install-plugin:2.3.1:install (default-install) @ silentium-commons ---
[INFO] Installing E:\Work\Source\Int\silentium-commons\target\silentium-commons-2.0.jar to C:\Users\Demon\.m2\repository\silentium\silentium-commons\2.0\silentium-commons-2.0.jar
[INFO] Installing E:\Work\Source\Int\silentium-commons\pom.xml to C:\Users\Demon\.m2\repository\silentium\silentium-commons\2.0\silentium-commons-2.0.pom
[INFO] Installing E:\Work\Source\Int\silentium-commons\target\silentium-commons-2.0-sources.jar to C:\Users\Demon\.m2\repository\silentium\silentium-commons\2.0\silentium-commons-2.0-sources.jar
[INFO]                                                                         
[INFO] ------------------------------------------------------------------------
[INFO] Building silentium-authserver 2.0
[INFO] ------------------------------------------------------------------------
[INFO] 
[INFO] --- maven-clean-plugin:2.5:clean (auto-clean) @ silentium-authserver ---
[INFO] Deleting E:\Work\Source\Int\silentium-authserver\target
[INFO] 
[INFO] --- maven-resources-plugin:2.5:resources (default-resources) @ silentium-authserver ---
[debug] execute contextualize
[WARNING] Using platform encoding (Cp1251 actually) to copy filtered resources, i.e. build is platform dependent!
[INFO] skip non existing resourceDirectory E:\Work\Source\Int\silentium-authserver\src\main\resources
[INFO] 
[INFO] --- maven-compiler-plugin:2.5.1:compile (default-compile) @ silentium-authserver ---
[WARNING] File encoding has not been set, using platform encoding Cp1251, i.e. build is platform dependent!
[INFO] Compiling 43 source files to E:\Work\Source\Int\silentium-authserver\target\classes
[INFO] 
[INFO] --- maven-resources-plugin:2.5:testResources (default-testResources) @ silentium-authserver ---
[debug] execute contextualize
[WARNING] Using platform encoding (Cp1251 actually) to copy filtered resources, i.e. build is platform dependent!
[INFO] skip non existing resourceDirectory E:\Work\Source\Int\silentium-authserver\src\test\resources
[INFO] 
[INFO] --- maven-compiler-plugin:2.5.1:testCompile (default-testCompile) @ silentium-authserver ---
[INFO] No sources to compile
[INFO] 
[INFO] --- maven-surefire-plugin:2.12:test (default-test) @ silentium-authserver ---
[INFO] Tests are skipped.
[INFO] 
[INFO] --- maven-jar-plugin:2.4:jar (default-jar) @ silentium-authserver ---
[INFO] Building jar: E:\Work\Source\Int\silentium-authserver\target\silentium-authserver-2.0.jar
[INFO] 
[INFO] --- maven-source-plugin:2.1.2:jar-no-fork (default) @ silentium-authserver ---
[INFO] Building jar: E:\Work\Source\Int\silentium-authserver\target\silentium-authserver-2.0-sources.jar
[INFO] 
[INFO] --- maven-install-plugin:2.3.1:install (default-install) @ silentium-authserver ---
[INFO] Installing E:\Work\Source\Int\silentium-authserver\target\silentium-authserver-2.0.jar to C:\Users\Demon\.m2\repository\silentium\silentium-authserver\2.0\silentium-authserver-2.0.jar
[INFO] Installing E:\Work\Source\Int\silentium-authserver\pom.xml to C:\Users\Demon\.m2\repository\silentium\silentium-authserver\2.0\silentium-authserver-2.0.pom
[INFO] Installing E:\Work\Source\Int\silentium-authserver\target\silentium-authserver-2.0-sources.jar to C:\Users\Demon\.m2\repository\silentium\silentium-authserver\2.0\silentium-authserver-2.0-sources.jar
[INFO]                                                                         
[INFO] ------------------------------------------------------------------------
[INFO] Building silentium-gameserver 2.0
[INFO] ------------------------------------------------------------------------
[INFO] 
[INFO] --- maven-clean-plugin:2.5:clean (auto-clean) @ silentium-gameserver ---
[INFO] Deleting E:\Work\Source\Int\silentium-gameserver\target
[INFO] 
[INFO] --- maven-resources-plugin:2.5:resources (default-resources) @ silentium-gameserver ---
[debug] execute contextualize
[WARNING] Using platform encoding (Cp1251 actually) to copy filtered resources, i.e. build is platform dependent!
[INFO] skip non existing resourceDirectory E:\Work\Source\Int\silentium-gameserver\src\main\resources
[INFO] 
[INFO] --- maven-compiler-plugin:2.5.1:compile (default-compile) @ silentium-gameserver ---
[WARNING] File encoding has not been set, using platform encoding Cp1251, i.e. build is platform dependent!
[INFO] Compiling 1112 source files to E:\Work\Source\Int\silentium-gameserver\target\classes
[INFO] 
[INFO] --- maven-resources-plugin:2.5:testResources (default-testResources) @ silentium-gameserver ---
[debug] execute contextualize
[WARNING] Using platform encoding (Cp1251 actually) to copy filtered resources, i.e. build is platform dependent!
[INFO] skip non existing resourceDirectory E:\Work\Source\Int\silentium-gameserver\src\test\resources
[INFO] 
[INFO] --- maven-compiler-plugin:2.5.1:testCompile (default-testCompile) @ silentium-gameserver ---
[INFO] No sources to compile
[INFO] 
[INFO] --- maven-surefire-plugin:2.12:test (default-test) @ silentium-gameserver ---
[INFO] Tests are skipped.
[INFO] 
[INFO] --- maven-jar-plugin:2.4:jar (default-jar) @ silentium-gameserver ---
[INFO] Building jar: E:\Work\Source\Int\silentium-gameserver\target\silentium-gameserver-2.0.jar
[INFO] 
[INFO] --- maven-source-plugin:2.1.2:jar-no-fork (default) @ silentium-gameserver ---
[INFO] Building jar: E:\Work\Source\Int\silentium-gameserver\target\silentium-gameserver-2.0-sources.jar
[INFO] 
[INFO] --- maven-install-plugin:2.3.1:install (default-install) @ silentium-gameserver ---
[INFO] Installing E:\Work\Source\Int\silentium-gameserver\target\silentium-gameserver-2.0.jar to C:\Users\Demon\.m2\repository\silentium\silentium-gameserver\2.0\silentium-gameserver-2.0.jar
[INFO] Installing E:\Work\Source\Int\silentium-gameserver\pom.xml to C:\Users\Demon\.m2\repository\silentium\silentium-gameserver\2.0\silentium-gameserver-2.0.pom
[INFO] Installing E:\Work\Source\Int\silentium-gameserver\target\silentium-gameserver-2.0-sources.jar to C:\Users\Demon\.m2\repository\silentium\silentium-gameserver\2.0\silentium-gameserver-2.0-sources.jar
[INFO]                                                                         
[INFO] ------------------------------------------------------------------------
[INFO] Building silentium-scripts 2.0
[INFO] ------------------------------------------------------------------------
[INFO] 
[INFO] --- maven-clean-plugin:2.5:clean (auto-clean) @ silentium-scripts ---
[INFO] Deleting E:\Work\Source\Int\silentium-scripts\target
[INFO] 
[INFO] --- maven-resources-plugin:2.5:resources (default-resources) @ silentium-scripts ---
[debug] execute contextualize
[WARNING] Using platform encoding (Cp1251 actually) to copy filtered resources, i.e. build is platform dependent!
[INFO] skip non existing resourceDirectory E:\Work\Source\Int\silentium-scripts\src\main\resources
[INFO] 
[INFO] --- maven-compiler-plugin:2.5.1:compile (default-compile) @ silentium-scripts ---
[WARNING] File encoding has not been set, using platform encoding Cp1251, i.e. build is platform dependent!
[INFO] Compiling 431 source files to E:\Work\Source\Int\silentium-scripts\target\classes
[INFO] 
[INFO] --- maven-resources-plugin:2.5:testResources (default-testResources) @ silentium-scripts ---
[debug] execute contextualize
[WARNING] Using platform encoding (Cp1251 actually) to copy filtered resources, i.e. build is platform dependent!
[INFO] skip non existing resourceDirectory E:\Work\Source\Int\silentium-scripts\src\test\resources
[INFO] 
[INFO] --- maven-compiler-plugin:2.5.1:testCompile (default-testCompile) @ silentium-scripts ---
[INFO] No sources to compile
[INFO] 
[INFO] --- maven-surefire-plugin:2.12:test (default-test) @ silentium-scripts ---
[INFO] Tests are skipped.
[INFO] 
[INFO] --- maven-jar-plugin:2.4:jar (default-jar) @ silentium-scripts ---
[INFO] Building jar: E:\Work\Source\Int\silentium-scripts\target\silentium-scripts-2.0.jar
[INFO] 
[INFO] --- maven-source-plugin:2.1.2:jar-no-fork (default) @ silentium-scripts ---
[INFO] Building jar: E:\Work\Source\Int\silentium-scripts\target\silentium-scripts-2.0-sources.jar
[INFO] 
[INFO] --- maven-install-plugin:2.3.1:install (default-install) @ silentium-scripts ---
[INFO] Installing E:\Work\Source\Int\silentium-scripts\target\silentium-scripts-2.0.jar to C:\Users\Demon\.m2\repository\silentium\silentium-scripts\2.0\silentium-scripts-2.0.jar
[INFO] Installing E:\Work\Source\Int\silentium-scripts\pom.xml to C:\Users\Demon\.m2\repository\silentium\silentium-scripts\2.0\silentium-scripts-2.0.pom
[INFO] Installing E:\Work\Source\Int\silentium-scripts\target\silentium-scripts-2.0-sources.jar to C:\Users\Demon\.m2\repository\silentium\silentium-scripts\2.0\silentium-scripts-2.0-sources.jar
[INFO]                                                                         
[INFO] ------------------------------------------------------------------------
[INFO] Building silentium-datapack 2.0
[INFO] ------------------------------------------------------------------------
[INFO] 
[INFO] --- maven-clean-plugin:2.5:clean (auto-clean) @ silentium-datapack ---
[INFO] Deleting E:\Work\Source\Int\silentium-datapack\target
[INFO] 
[INFO] --- maven-resources-plugin:2.5:resources (default-resources) @ silentium-datapack ---
[debug] execute contextualize
[WARNING] Using platform encoding (Cp1251 actually) to copy filtered resources, i.e. build is platform dependent!
[INFO] skip non existing resourceDirectory E:\Work\Source\Int\silentium-datapack\src\main\resources
[INFO] 
[INFO] --- maven-compiler-plugin:2.5.1:compile (default-compile) @ silentium-datapack ---
[INFO] No sources to compile
[INFO] 
[INFO] --- maven-resources-plugin:2.5:testResources (default-testResources) @ silentium-datapack ---
[debug] execute contextualize
[WARNING] Using platform encoding (Cp1251 actually) to copy filtered resources, i.e. build is platform dependent!
[INFO] skip non existing resourceDirectory E:\Work\Source\Int\silentium-datapack\src\test\resources
[INFO] 
[INFO] --- maven-compiler-plugin:2.5.1:testCompile (default-testCompile) @ silentium-datapack ---
[INFO] No sources to compile
[INFO] 
[INFO] --- maven-surefire-plugin:2.12:test (default-test) @ silentium-datapack ---
[INFO] Tests are skipped.
[INFO] 
[INFO] --- maven-jar-plugin:2.4:jar (default-jar) @ silentium-datapack ---
[WARNING] JAR will be empty - no content was marked for inclusion!
[INFO] Building jar: E:\Work\Source\Int\silentium-datapack\target\silentium-datapack-2.0.jar
[INFO] 
[INFO] --- maven-install-plugin:2.3.1:install (default-install) @ silentium-datapack ---
[INFO] Installing E:\Work\Source\Int\silentium-datapack\target\silentium-datapack-2.0.jar to C:\Users\Demon\.m2\repository\silentium\silentium-datapack\2.0\silentium-datapack-2.0.jar
[INFO] Installing E:\Work\Source\Int\silentium-datapack\pom.xml to C:\Users\Demon\.m2\repository\silentium\silentium-datapack\2.0\silentium-datapack-2.0.pom
[INFO]                                                                         
[INFO] ------------------------------------------------------------------------
[INFO] Building silentium-distribution 2.0
[INFO] ------------------------------------------------------------------------
[INFO] 
[INFO] --- maven-clean-plugin:2.5:clean (auto-clean) @ silentium-distribution ---
[INFO] Deleting E:\Work\Source\Int\silentium-distribution\target
[INFO] 
[INFO] --- maven-resources-plugin:2.5:resources (default-resources) @ silentium-distribution ---
[debug] execute contextualize
[WARNING] Using platform encoding (Cp1251 actually) to copy filtered resources, i.e. build is platform dependent!
[INFO] skip non existing resourceDirectory E:\Work\Source\Int\silentium-distribution\src\main\resources
[INFO] 
[INFO] --- maven-compiler-plugin:2.5.1:compile (default-compile) @ silentium-distribution ---
[INFO] No sources to compile
[INFO] 
[INFO] --- maven-resources-plugin:2.5:testResources (default-testResources) @ silentium-distribution ---
[debug] execute contextualize
[WARNING] Using platform encoding (Cp1251 actually) to copy filtered resources, i.e. build is platform dependent!
[INFO] skip non existing resourceDirectory E:\Work\Source\Int\silentium-distribution\src\test\resources
[INFO] 
[INFO] --- maven-compiler-plugin:2.5.1:testCompile (default-testCompile) @ silentium-distribution ---
[INFO] No sources to compile
[INFO] 
[INFO] --- maven-surefire-plugin:2.12:test (default-test) @ silentium-distribution ---
[INFO] Tests are skipped.
[INFO] 
[INFO] --- maven-jar-plugin:2.4:jar (default-jar) @ silentium-distribution ---
[WARNING] JAR will be empty - no content was marked for inclusion!
[INFO] Building jar: E:\Work\Source\Int\silentium-distribution\target\silentium-distribution-2.0.jar
[INFO] 
[INFO] --- maven-assembly-plugin:2.2.1:single (default) @ silentium-distribution ---
[INFO] Reading assembly descriptor: authserver-distribution.xml
[INFO] Reading assembly descriptor: gameserver-distribution.xml
[WARNING] NOTE: Currently, inclusion of module dependencies may produce unpredictable results if a version conflict occurs.
[INFO] authserver/silentium-authserver-2.0.jar already added, skipping
[INFO] authserver/silentium-authserver-2.0.jar already added, skipping
[INFO] authserver/silentium-authserver-2.0.jar already added, skipping
[INFO] authserver/silentium-authserver-2.0.jar already added, skipping
[INFO] authserver/silentium-authserver-2.0.jar already added, skipping
[INFO] authserver/silentium-authserver-2.0.jar already added, skipping
[INFO] authserver/silentium-authserver-2.0.jar already added, skipping
[INFO] authserver/silentium-authserver-2.0.jar already added, skipping
[INFO] authserver/silentium-authserver-2.0.jar already added, skipping
[INFO] authserver/silentium-authserver-2.0.jar already added, skipping
[INFO] authserver/silentium-authserver-2.0.jar already added, skipping
[INFO] authserver/silentium-authserver-2.0.jar already added, skipping
[INFO] authserver/silentium-authserver-2.0.jar already added, skipping
[INFO] authserver/silentium-authserver-2.0.jar already added, skipping
[INFO] authserver/silentium-authserver-2.0.jar already added, skipping
[INFO] authserver/silentium-authserver-2.0.jar already added, skipping
[INFO] authserver/silentium-authserver-2.0.jar already added, skipping
[INFO] authserver/silentium-authserver-2.0.jar already added, skipping
[INFO] authserver/silentium-authserver-2.0.jar already added, skipping
[INFO] Building zip: E:\Work\Source\Int\silentium-distribution\target\silentium-distribution-2.0-authserver.zip
[INFO] authserver/silentium-authserver-2.0.jar already added, skipping
[INFO] authserver/silentium-authserver-2.0.jar already added, skipping
[INFO] authserver/silentium-authserver-2.0.jar already added, skipping
[INFO] authserver/silentium-authserver-2.0.jar already added, skipping
[INFO] authserver/silentium-authserver-2.0.jar already added, skipping
[INFO] authserver/silentium-authserver-2.0.jar already added, skipping
[INFO] authserver/silentium-authserver-2.0.jar already added, skipping
[INFO] authserver/silentium-authserver-2.0.jar already added, skipping
[INFO] authserver/silentium-authserver-2.0.jar already added, skipping
[INFO] authserver/silentium-authserver-2.0.jar already added, skipping
[INFO] authserver/silentium-authserver-2.0.jar already added, skipping
[INFO] authserver/silentium-authserver-2.0.jar already added, skipping
[INFO] authserver/silentium-authserver-2.0.jar already added, skipping
[INFO] authserver/silentium-authserver-2.0.jar already added, skipping
[INFO] authserver/silentium-authserver-2.0.jar already added, skipping
[INFO] authserver/silentium-authserver-2.0.jar already added, skipping
[INFO] authserver/silentium-authserver-2.0.jar already added, skipping
[INFO] authserver/silentium-authserver-2.0.jar already added, skipping
[INFO] authserver/silentium-authserver-2.0.jar already added, skipping
[WARNING] NOTE: Currently, inclusion of module dependencies may produce unpredictable results if a version conflict occurs.
[WARNING] NOTE: Currently, inclusion of module dependencies may produce unpredictable results if a version conflict occurs.
[INFO] gameserver/silentium-gameserver-2.0.jar already added, skipping
[INFO] gameserver/silentium-gameserver-2.0.jar already added, skipping
[INFO] gameserver/silentium-gameserver-2.0.jar already added, skipping
[INFO] gameserver/silentium-gameserver-2.0.jar already added, skipping
[INFO] gameserver/silentium-gameserver-2.0.jar already added, skipping
[INFO] gameserver/silentium-gameserver-2.0.jar already added, skipping
[INFO] gameserver/silentium-gameserver-2.0.jar already added, skipping
[INFO] gameserver/silentium-gameserver-2.0.jar already added, skipping
[INFO] gameserver/silentium-gameserver-2.0.jar already added, skipping
[INFO] gameserver/silentium-gameserver-2.0.jar already added, skipping
[INFO] gameserver/silentium-gameserver-2.0.jar already added, skipping
[INFO] gameserver/silentium-gameserver-2.0.jar already added, skipping
[INFO] gameserver/silentium-gameserver-2.0.jar already added, skipping
[INFO] gameserver/silentium-gameserver-2.0.jar already added, skipping
[INFO] gameserver/silentium-gameserver-2.0.jar already added, skipping
[INFO] gameserver/silentium-gameserver-2.0.jar already added, skipping
[INFO] gameserver/silentium-gameserver-2.0.jar already added, skipping
[INFO] gameserver/silentium-gameserver-2.0.jar already added, skipping
[INFO] gameserver/silentium-gameserver-2.0.jar already added, skipping
[INFO] gameserver/silentium-gameserver-2.0.jar already added, skipping
[INFO] gameserver/lib/silentium-scripts-2.0.jar already added, skipping
[INFO] gameserver/lib/silentium-scripts-2.0.jar already added, skipping
[INFO] gameserver/lib/silentium-scripts-2.0.jar already added, skipping
[INFO] gameserver/lib/silentium-scripts-2.0.jar already added, skipping
[INFO] gameserver/lib/silentium-scripts-2.0.jar already added, skipping
[INFO] gameserver/lib/silentium-scripts-2.0.jar already added, skipping
[INFO] gameserver/lib/silentium-scripts-2.0.jar already added, skipping
[INFO] gameserver/lib/silentium-scripts-2.0.jar already added, skipping
[INFO] gameserver/lib/silentium-scripts-2.0.jar already added, skipping
[INFO] gameserver/lib/silentium-scripts-2.0.jar already added, skipping
[INFO] gameserver/lib/silentium-scripts-2.0.jar already added, skipping
[INFO] gameserver/lib/silentium-scripts-2.0.jar already added, skipping
[INFO] gameserver/lib/silentium-scripts-2.0.jar already added, skipping
[INFO] gameserver/lib/silentium-scripts-2.0.jar already added, skipping
[INFO] gameserver/lib/silentium-scripts-2.0.jar already added, skipping
[INFO] gameserver/lib/silentium-scripts-2.0.jar already added, skipping
[INFO] gameserver/lib/silentium-scripts-2.0.jar already added, skipping
[INFO] gameserver/lib/silentium-scripts-2.0.jar already added, skipping
[INFO] gameserver/lib/silentium-scripts-2.0.jar already added, skipping
[INFO] gameserver/lib/silentium-scripts-2.0.jar already added, skipping
[INFO] Building zip: E:\Work\Source\Int\silentium-distribution\target\silentium-distribution-2.0-gameserver.zip
[INFO] gameserver/silentium-gameserver-2.0.jar already added, skipping
[INFO] gameserver/silentium-gameserver-2.0.jar already added, skipping
[INFO] gameserver/silentium-gameserver-2.0.jar already added, skipping
[INFO] gameserver/silentium-gameserver-2.0.jar already added, skipping
[INFO] gameserver/silentium-gameserver-2.0.jar already added, skipping
[INFO] gameserver/silentium-gameserver-2.0.jar already added, skipping
[INFO] gameserver/silentium-gameserver-2.0.jar already added, skipping
[INFO] gameserver/silentium-gameserver-2.0.jar already added, skipping
[INFO] gameserver/silentium-gameserver-2.0.jar already added, skipping
[INFO] gameserver/silentium-gameserver-2.0.jar already added, skipping
[INFO] gameserver/silentium-gameserver-2.0.jar already added, skipping
[INFO] gameserver/silentium-gameserver-2.0.jar already added, skipping
[INFO] gameserver/silentium-gameserver-2.0.jar already added, skipping
[INFO] gameserver/silentium-gameserver-2.0.jar already added, skipping
[INFO] gameserver/silentium-gameserver-2.0.jar already added, skipping
[INFO] gameserver/silentium-gameserver-2.0.jar already added, skipping
[INFO] gameserver/silentium-gameserver-2.0.jar already added, skipping
[INFO] gameserver/silentium-gameserver-2.0.jar already added, skipping
[INFO] gameserver/silentium-gameserver-2.0.jar already added, skipping
[INFO] gameserver/silentium-gameserver-2.0.jar already added, skipping
[INFO] gameserver/lib/silentium-scripts-2.0.jar already added, skipping
[INFO] gameserver/lib/silentium-scripts-2.0.jar already added, skipping
[INFO] gameserver/lib/silentium-scripts-2.0.jar already added, skipping
[INFO] gameserver/lib/silentium-scripts-2.0.jar already added, skipping
[INFO] gameserver/lib/silentium-scripts-2.0.jar already added, skipping
[INFO] gameserver/lib/silentium-scripts-2.0.jar already added, skipping
[INFO] gameserver/lib/silentium-scripts-2.0.jar already added, skipping
[INFO] gameserver/lib/silentium-scripts-2.0.jar already added, skipping
[INFO] gameserver/lib/silentium-scripts-2.0.jar already added, skipping
[INFO] gameserver/lib/silentium-scripts-2.0.jar already added, skipping
[INFO] gameserver/lib/silentium-scripts-2.0.jar already added, skipping
[INFO] gameserver/lib/silentium-scripts-2.0.jar already added, skipping
[INFO] gameserver/lib/silentium-scripts-2.0.jar already added, skipping
[INFO] gameserver/lib/silentium-scripts-2.0.jar already added, skipping
[INFO] gameserver/lib/silentium-scripts-2.0.jar already added, skipping
[INFO] gameserver/lib/silentium-scripts-2.0.jar already added, skipping
[INFO] gameserver/lib/silentium-scripts-2.0.jar already added, skipping
[INFO] gameserver/lib/silentium-scripts-2.0.jar already added, skipping
[INFO] gameserver/lib/silentium-scripts-2.0.jar already added, skipping
[INFO] gameserver/lib/silentium-scripts-2.0.jar already added, skipping
[INFO] 
[INFO] --- maven-install-plugin:2.3.1:install (default-install) @ silentium-distribution ---
[INFO] Installing E:\Work\Source\Int\silentium-distribution\target\silentium-distribution-2.0.jar to C:\Users\Demon\.m2\repository\silentium\silentium-distribution\2.0\silentium-distribution-2.0.jar
[INFO] Installing E:\Work\Source\Int\silentium-distribution\pom.xml to C:\Users\Demon\.m2\repository\silentium\silentium-distribution\2.0\silentium-distribution-2.0.pom
[INFO] Installing E:\Work\Source\Int\silentium-distribution\target\silentium-distribution-2.0-authserver.zip to C:\Users\Demon\.m2\repository\silentium\silentium-distribution\2.0\silentium-distribution-2.0-authserver.zip
[INFO] Installing E:\Work\Source\Int\silentium-distribution\target\silentium-distribution-2.0-gameserver.zip to C:\Users\Demon\.m2\repository\silentium\silentium-distribution\2.0\silentium-distribution-2.0-gameserver.zip
[INFO] ------------------------------------------------------------------------
[INFO] Reactor Summary:
[INFO] 
[INFO] silentium ......................................... SUCCESS [0.939s]
[INFO] silentium-commons ................................. SUCCESS [6.001s]
[INFO] silentium-authserver .............................. SUCCESS [1.247s]
[INFO] silentium-gameserver .............................. SUCCESS [31.971s]
[INFO] silentium-scripts ................................. SUCCESS [5.870s]
[INFO] silentium-datapack ................................ SUCCESS [0.181s]
[INFO] silentium-distribution ............................ SUCCESS [1:57.919s]
[INFO] ------------------------------------------------------------------------
[INFO] BUILD SUCCESS
[INFO] ------------------------------------------------------------------------
[INFO] Total time: 2:44.373s
[INFO] Finished at: Sat Aug 18 03:25:27 EEST 2012
[INFO] Final Memory: 33M/377M
[INFO] ------------------------------------------------------------------------
